MPLINK 4.49, Linker
Linker Map File - Created Sun Nov 15 19:15:11 2020

                                 Section Info
                  Section       Type    Address   Location Size(Bytes)
                ---------  ---------  ---------  ---------  ---------
                   .org_0       code   0x000000    program   0x000000
                   .org_1       code   0x000000    program   0x000004
                   .org_2       code   0x000008    program   0x000002
                   .org_3       code   0x000018    program   0x000050



                              Program Memory Usage 
                               Start         End      
                           ---------   ---------      
                            0x000000    0x000003      
                            0x000008    0x000009      
                            0x000018    0x000067      
            86 out of 33048 program addresses used, program memory utilization is 0%



                              Symbols - Sorted by Name
                     Name    Address   Location    Storage File                     
                ---------  ---------  ---------  --------- ---------                
                    AGAIN   0x000054    program     static C:\Users\HPuser\Documents\GitHub\BatrisyiaAzizan-DE96511-QUIZ6\Quiz 6\QUIZ6.asm
                   AGAIN1   0x000050    program     static C:\Users\HPuser\Documents\GitHub\BatrisyiaAzizan-DE96511-QUIZ6\Quiz 6\QUIZ6.asm
                Delay11ms   0x00004c    program     static C:\Users\HPuser\Documents\GitHub\BatrisyiaAzizan-DE96511-QUIZ6\Quiz 6\QUIZ6.asm
                    SHOW1   0x000028    program     static C:\Users\HPuser\Documents\GitHub\BatrisyiaAzizan-DE96511-QUIZ6\Quiz 6\QUIZ6.asm
                    SHOW5   0x000020    program     static C:\Users\HPuser\Documents\GitHub\BatrisyiaAzizan-DE96511-QUIZ6\Quiz 6\QUIZ6.asm
                    SHOW6   0x00001a    program     static C:\Users\HPuser\Documents\GitHub\BatrisyiaAzizan-DE96511-QUIZ6\Quiz 6\QUIZ6.asm
                     loop   0x000032    program     static C:\Users\HPuser\Documents\GitHub\BatrisyiaAzizan-DE96511-QUIZ6\Quiz 6\QUIZ6.asm
                    start   0x000030    program     static C:\Users\HPuser\Documents\GitHub\BatrisyiaAzizan-DE96511-QUIZ6\Quiz 6\QUIZ6.asm



                              Symbols - Sorted by Address
                     Name    Address   Location    Storage File                     
                ---------  ---------  ---------  --------- ---------                
                    SHOW6   0x00001a    program     static C:\Users\HPuser\Documents\GitHub\BatrisyiaAzizan-DE96511-QUIZ6\Quiz 6\QUIZ6.asm
                    SHOW5   0x000020    program     static C:\Users\HPuser\Documents\GitHub\BatrisyiaAzizan-DE96511-QUIZ6\Quiz 6\QUIZ6.asm
                    SHOW1   0x000028    program     static C:\Users\HPuser\Documents\GitHub\BatrisyiaAzizan-DE96511-QUIZ6\Quiz 6\QUIZ6.asm
                    start   0x000030    program     static C:\Users\HPuser\Documents\GitHub\BatrisyiaAzizan-DE96511-QUIZ6\Quiz 6\QUIZ6.asm
                     loop   0x000032    program     static C:\Users\HPuser\Documents\GitHub\BatrisyiaAzizan-DE96511-QUIZ6\Quiz 6\QUIZ6.asm
                Delay11ms   0x00004c    program     static C:\Users\HPuser\Documents\GitHub\BatrisyiaAzizan-DE96511-QUIZ6\Quiz 6\QUIZ6.asm
                   AGAIN1   0x000050    program     static C:\Users\HPuser\Documents\GitHub\BatrisyiaAzizan-DE96511-QUIZ6\Quiz 6\QUIZ6.asm
                    AGAIN   0x000054    program     static C:\Users\HPuser\Documents\GitHub\BatrisyiaAzizan-DE96511-QUIZ6\Quiz 6\QUIZ6.asm


